Microchip MPLAB XC8 Compiler V2.35

Linker command line:

-W-3 --edf=C:\Program Files\Microchip\xc8\v2.35\pic\dat\en_msgs.txt -cn \
  -h+dist/default/production\Lab9.X.production.sym \
  --cmf=dist/default/production\Lab9.X.production.cmf -z -Q16F887 \
  -oC:\Users\Josea\AppData\Local\Temp\xcAs8hg.4 --defsym=__MPLAB_BUILD=1 \
  -Mdist/default/production/Lab9.X.production.map \
  --md=C:\Users\Josea\AppData\Local\Temp\xcAs8hg.dat -E1 -ver=XC8 Compiler \
  --acfsm=1493 -ACODE=00h-07FFhx4 -ASTRCODE=00h-01FFFh -ASTRING=00h-0FFhx32 \
  -ACONST=00h-0FFhx32 -AENTRY=00h-0FFhx32 -ACOMMON=070h-07Fh \
  -ABANK0=020h-06Fh -ABANK1=0A0h-0EFh -ABANK2=0110h-016Fh \
  -ABANK3=0190h-01EFh -ARAM=020h-06Fh,0A0h-0EFh,0110h-016Fh,0190h-01EFh \
  -AABS1=020h-07Fh,0A0h-0EFh,0110h-016Fh,0190h-01EFh -ASFR0=00h-01Fh \
  -ASFR1=080h-09Fh -ASFR2=0100h-010Fh -ASFR3=0180h-018Fh \
  -ACONFIG=02007h-02008h -DCONFIG=2 -AIDLOC=02000h-02003h -DIDLOC=2 \
  -AEEDATA=00h-0FFh/02100h -peeprom_data=EEDATA -DEEDATA=2 -DCODE=2 \
  -DSTRCODE=2 -DSTRING=2 -DCONST=2 -DENTRY=2 \
  -preset_vec=00h,intentry=04h,init,end_init -ppowerup=CODE -pcinit=CODE \
  -pfunctab=ENTRY -k C:\Users\Josea\AppData\Local\Temp\xcAs8hg.o \
  dist/default/production\Lab9.X.production.o 

Object code version is 3.11

Machine type is 16F887



                Name                               Link     Load   Length Selector   Space Scale
C:\Users\Josea\AppData\Local\Temp\xcAs8hg.o
                end_init                             10       10        3        8       0
                reset_vec                             0        0        3        0       0
                config                             2007     2007        2        0       4
                idloc                              2000     2000        4        0       5
dist/default/production\Lab9.X.production.o
                cinit                                13       13        C        8       0
                intentry                              4        4        C        8       0
                config                             2007     2007        2        0       4
                idloc                              2000     2000        4        0       5
                text10                              7E5      7E5       12        8       0
                text9                               380      380      288        8       0
                text8                               608      608      1DD        8       0
                text7                               C30      C30       27     1860       0
                text6                                1F       1F      361        8       0
                text5                               D20      D20       9C     1A40       0
                text4                               E6E      E6E       BA     1CDC       0
                text3                               DBC      DBC       B2     1B78       0
                text2                               F28      F28       D8     1E50       0
                text1                               CAF      CAF       71     195E       0
                maintext                            C57      C57       58     18AE       0
                cstackBANK0                          20       20       4F       20       1
                cstackCOMMON                         70       70        E       70       1
                cstackBANK1                          A0       A0       13       A0       1
                bssBANK1                             B3       B3        6       A0       1

TOTAL           Name                               Link     Load   Length     Space
        CLASS   CODE           
                end_init                             10       10        3         0
                cinit                                13       13        C         0
                intentry                              4        4        C         0
                reset_vec                             0        0        3         0
                text10                              7E5      7E5       12         0
                text9                               380      380      288         0
                text8                               608      608      1DD         0
                text7                               C30      C30       27         0
                text6                                1F       1F      361         0
                text5                               D20      D20       9C         0
                text4                               E6E      E6E       BA         0
                text3                               DBC      DBC       B2         0
                text2                               F28      F28       D8         0
                text1                               CAF      CAF       71         0
                maintext                            C57      C57       58         0

        CLASS   STRCODE        

        CLASS   STRING         

        CLASS   CONST          

        CLASS   ENTRY          

        CLASS   COMMON         
                cstackCOMMON                         70       70        E         1

        CLASS   BANK0          
                cstackBANK0                          20       20       4F         1

        CLASS   BANK1          
                cstackBANK1                          A0       A0       13         1
                bssBANK1                             B3       B3        6         1

        CLASS   BANK2          

        CLASS   BANK3          

        CLASS   RAM            

        CLASS   ABS1           
                abs_s1                               7E       7E        2         1

        CLASS   SFR0           

        CLASS   SFR1           

        CLASS   SFR2           

        CLASS   SFR3           

        CLASS   CONFIG         
                config                             2007     2007        2         4

        CLASS   IDLOC          
                idloc                              2000     2000        4         5

        CLASS   EEDATA         

        CLASS   STACK          



SEGMENTS        Name                           Load    Length   Top    Selector   Space  Class     Delta

                reset_vec                      000000  000003  000003         0       0  CODE        2
                intentry                       000004  0007F3  0007F7         8       0  CODE        2
                cstackBANK0                    000020  00004F  00006F        20       1  BANK0       1
                cstackCOMMON                   000070  00000E  00007E        70       1  COMMON      1
                cstackBANK1                    0000A0  000019  0000B9        A0       1  BANK1       1
                text7                          000C30  000027  000C57      1860       0  CODE        2
                maintext                       000C57  000058  000CAF      18AE       0  CODE        2
                text1                          000CAF  000071  000D20      195E       0  CODE        2
                text5                          000D20  00009C  000DBC      1A40       0  CODE        2
                text3                          000DBC  0000B2  000E6E      1B78       0  CODE        2
                text4                          000E6E  0000BA  000F28      1CDC       0  CODE        2
                text2                          000F28  0000D8  001000      1E50       0  CODE        2


UNUSED ADDRESS RANGES

        Name                Unused          Largest block    Delta
        BANK0            006F-006F              1           1
        BANK1            00B9-00EF             37           1
        BANK2            0110-016F             60           1
        BANK3            0190-01EF             60           1
        CODE             0003-0003              1           2
                         07F7-0C2F              9
                         1000-1FFF            800
        CONST            0003-0003              1           2
                         07F7-0C2F            100
                         1000-1FFF            100
        EEDATA           2100-21FF            100           2
        ENTRY            0003-0003              1           2
                         07F7-0C2F            100
                         1000-1FFF            100
        RAM              006F-006F              1           1
                         00B9-00EF             37
                         0110-016F             60
                         0190-01EF             60
        SFR0             0000-001F             20           1
        SFR1             0080-009F             20           1
        SFR2             0100-010F             10           1
        SFR3             0180-018F             10           1
        STRCODE          0003-0003              1           2
                         07F7-0C2F            439
                         1000-1FFF           1000
        STRING           0003-0003              1           2
                         07F7-0C2F            100
                         1000-1FFF            100

                                  Symbol Table

?__Umul8_16              cstackCOMMON 0070
?___fladd                cstackBANK0  0054
?___fldiv                cstackBANK0  0020
?___flmul                cstackBANK0  003A
?___fltol                cstackBANK0  0068
?___xxtofl               cstackCOMMON 0070
?_map                    cstackBANK1  00A5
_ADCON0bits              (abs)        001F
_ADCON1bits              (abs)        009F
_ADRESH                  (abs)        001E
_ANSEL                   (abs)        0188
_ANSELH                  (abs)        0189
_CCP1CON                 (abs)        0017
_CCP1CONbits             (abs)        0017
_CCP2CON                 (abs)        001D
_CCP2CONbits             (abs)        001D
_CCPR                    bssBANK1     00B7
_CCPR1L                  (abs)        0015
_CCPR2L                  (abs)        001B
_INTCONbits              (abs)        000B
_LEDPOT                  bssBANK1     00B5
_OPTION_REGbits          (abs)        0081
_OSCCONbits              (abs)        008F
_PIE1bits                (abs)        008C
_PIR1bits                (abs)        000C
_PORTA                   (abs)        0005
_PORTAbits               (abs)        0005
_PORTDbits               (abs)        0008
_PR2                     (abs)        0092
_T0IF                    (abs)        005A
_T2CONbits               (abs)        0012
_TMR0                    (abs)        0001
_TRISA                   (abs)        0085
_TRISCbits               (abs)        0087
_TRISDbits               (abs)        0088
__Habs1                  abs1         0000
__Hbank0                 bank0        0000
__Hbank1                 bank1        0000
__Hbank2                 bank2        0000
__Hbank3                 bank3        0000
__HbssBANK1              bssBANK1     0000
__Hcinit                 cinit        001F
__Hclrtext               clrtext      0000
__Hcode                  code         0000
__Hcommon                common       0000
__Hconfig                config       2009
__HcstackBANK0           cstackBANK0  0000
__HcstackBANK1           cstackBANK1  0000
__HcstackCOMMON          cstackCOMMON 0000
__Heeprom_data           eeprom_data  0000
__Hend_init              end_init     0013
__Hfunctab               functab      0000
__Hidloc                 idloc        2004
__Hinit                  init         0010
__Hintentry              intentry     0010
__Hmaintext              maintext     0000
__Hpowerup               powerup      0000
__Hram                   ram          0000
__Hreset_vec             reset_vec    0003
__Hsfr0                  sfr0         0000
__Hsfr1                  sfr1         0000
__Hsfr2                  sfr2         0000
__Hsfr3                  sfr3         0000
__Hspace_0               (abs)        1000
__Hspace_1               (abs)        00B9
__Hspace_2               (abs)        0000
__Hspace_3               (abs)        0000
__Hspace_4               (abs)        4010
__Hstack                 stack        0000
__Hstrings               strings      0000
__Htext                  text         0000
__Labs1                  abs1         0000
__Lbank0                 bank0        0000
__Lbank1                 bank1        0000
__Lbank2                 bank2        0000
__Lbank3                 bank3        0000
__LbssBANK1              bssBANK1     0000
__Lcinit                 cinit        0013
__Lclrtext               clrtext      0000
__Lcode                  code         0000
__Lcommon                common       0000
__Lconfig                config       0000
__LcstackBANK0           cstackBANK0  0000
__LcstackBANK1           cstackBANK1  0000
__LcstackCOMMON          cstackCOMMON 0000
__Leeprom_data           eeprom_data  0000
__Lend_init              end_init     0010
__Lfunctab               functab      0000
__Lidloc                 idloc        0000
__Linit                  init         0010
__Lintentry              intentry     0004
__Lmaintext              maintext     0000
__Lpowerup               powerup      0000
__Lram                   ram          0000
__Lreset_vec             reset_vec    0000
__Lsfr0                  sfr0         0000
__Lsfr1                  sfr1         0000
__Lsfr2                  sfr2         0000
__Lsfr3                  sfr3         0000
__Lspace_0               (abs)        0000
__Lspace_1               (abs)        0000
__Lspace_2               (abs)        0000
__Lspace_3               (abs)        0000
__Lspace_4               (abs)        0000
__Lstack                 stack        0000
__Lstrings               strings      0000
__Ltext                  text         0000
__S0                     (abs)        1000
__S1                     (abs)        00B9
__S3                     (abs)        0000
__Umul8_16               text7        0C30
__Umul8_16@multiplicand  cstackCOMMON 0070
__Umul8_16@multiplier    cstackCOMMON 0078
__Umul8_16@product       cstackCOMMON 0074
__Umul8_16@word_mpld     cstackCOMMON 0076
___fladd                 text9        0380
___fladd@a               cstackBANK0  0058
___fladd@aexp            cstackBANK0  0065
___fladd@b               cstackBANK0  0054
___fladd@bexp            cstackBANK0  0066
___fladd@grs             cstackBANK0  0067
___fladd@signs           cstackBANK0  0064
___fldiv                 text8        0608
___fldiv@a               cstackBANK0  0020
___fldiv@aexp            cstackBANK0  0039
___fldiv@b               cstackBANK0  0024
___fldiv@bexp            cstackBANK0  0038
___fldiv@grs             cstackBANK0  0034
___fldiv@new_exp         cstackBANK0  0032
___fldiv@rem             cstackBANK0  002D
___fldiv@sign            cstackBANK0  0031
___flmul                 text6        001F
___flmul@a               cstackBANK0  003E
___flmul@aexp            cstackBANK0  004C
___flmul@b               cstackBANK0  003A
___flmul@bexp            cstackBANK0  004D
___flmul@grs             cstackBANK0  0048
___flmul@prod            cstackBANK0  004E
___flmul@sign            cstackBANK0  0047
___flmul@temp            cstackBANK0  0052
___fltol                 text5        0D20
___fltol@exp1            cstackBANK0  006D
___fltol@f1              cstackBANK0  0068
___fltol@sign1           cstackBANK0  006C
___int_sp                stack        0000
___latbits               (abs)        0002
___sp                    stack        0000
___stackhi               (abs)        0000
___stacklo               (abs)        0000
___xxtofl                text4        0E6E
___xxtofl@arg            cstackCOMMON 007A
___xxtofl@exp            cstackCOMMON 0079
___xxtofl@sign           cstackCOMMON 0078
___xxtofl@val            cstackCOMMON 0070
__end_of__Umul8_16       text7        0C57
__end_of___fladd         text9        0608
__end_of___fldiv         text8        07E5
__end_of___flmul         text6        0380
__end_of___fltol         text5        0DBC
__end_of___xxtofl        text4        0F28
__end_of__initialization cinit        001B
__end_of_isr             text2        1000
__end_of_led             text10       07F7
__end_of_main            maintext     0CAF
__end_of_map             text3        0E6E
__end_of_setup           text1        0D20
__initialization         cinit        0013
__pbssBANK1              bssBANK1     00B3
__pcstackBANK0           cstackBANK0  0020
__pcstackBANK1           cstackBANK1  00A0
__pcstackCOMMON          cstackCOMMON 0070
__pintentry              intentry     0004
__pmaintext              maintext     0C57
__ptext1                 text1        0CAF
__ptext10                text10       07E5
__ptext2                 text2        0F28
__ptext3                 text3        0DBC
__ptext4                 text4        0E6E
__ptext5                 text5        0D20
__ptext6                 text6        001F
__ptext7                 text7        0C30
__ptext8                 text8        0608
__ptext9                 text9        0380
_compledpot              bssBANK1     00B3
_isr                     text2        0F28
_led                     text10       07E5
_main                    maintext     0C57
_map                     text3        0DBC
_setup                   text1        0CAF
btemp                    (abs)        007E
end_of_initialization    cinit        001B
interrupt_function       intentry     0004
intlevel0                functab      0000
intlevel1                functab      0000
intlevel2                functab      0000
intlevel3                functab      0000
intlevel4                functab      0000
intlevel5                functab      0000
map@x                    cstackBANK0  006E
map@x0                   cstackBANK1  00A5
map@x1                   cstackBANK1  00A6
map@y0                   cstackBANK1  00A7
map@y1                   cstackBANK1  00A9
reset_vec                reset_vec    0000
saved_w                  (abs)        007E
start                    init         0010
start_initialization     cinit        0013
wtemp0                   (abs)        007E


MODULE INFORMATION

Module		Function		Class		Link	Load	Size
C:\Program Files\Microchip\xc8\v2.35\pic\sources\c90\common\xxtofl.c
		___xxtofl      		CODE           	0E6E	0000	186

C:\Program Files\Microchip\xc8\v2.35\pic\sources\c90\common\xxtofl.c estimated size: 186

Lab9.c
		_map           		CODE           	0DBC	0000	178
		_main          		CODE           	0C57	0000	88
		_isr           		CODE           	0F28	0000	216
		_led           		CODE           	07E5	0000	18
		_setup         		CODE           	0CAF	0000	113

Lab9.c estimated size: 613

C:\Program Files\Microchip\xc8\v2.35\pic\sources\c90\common\fltol.c
		___fltol       		CODE           	0D20	0000	156

C:\Program Files\Microchip\xc8\v2.35\pic\sources\c90\common\fltol.c estimated size: 156

C:\Program Files\Microchip\xc8\v2.35\pic\sources\c90\common\sprcmul.c
		___flmul       		CODE           	001F	0000	865

C:\Program Files\Microchip\xc8\v2.35\pic\sources\c90\common\sprcmul.c estimated size: 865

C:\Program Files\Microchip\xc8\v2.35\pic\sources\c90\common\sprcdiv.c
		___fldiv       		CODE           	0608	0000	477

C:\Program Files\Microchip\xc8\v2.35\pic\sources\c90\common\sprcdiv.c estimated size: 477

shared
		__initialization		CODE           	0013	0000	8

shared estimated size: 8

C:\Program Files\Microchip\xc8\v2.35\pic\sources\c90\common\Umul8_16.c
		__Umul8_16     		CODE           	0C30	0000	39

C:\Program Files\Microchip\xc8\v2.35\pic\sources\c90\common\Umul8_16.c estimated size: 39

C:\Program Files\Microchip\xc8\v2.35\pic\sources\c90\common\sprcadd.c
		___fladd       		CODE           	0380	0000	648

C:\Program Files\Microchip\xc8\v2.35\pic\sources\c90\common\sprcadd.c estimated size: 648

